Archive member included because of file (symbol)

/Applications/Marmalade.app/Contents/s3e/edk/lib/android/libedk.a(IwDebug.o)
                              debug/CGAdMob_platform.os (IwDebugTraceIsChannelOn)
/Applications/Marmalade.app/Contents/s3e/edk/lib/android/libedk.a(edk_helpers.o)
                              debug/CGAdMob_platform.os (s3eEdkThreadRunOnOS)
/Users/adriangomez/android-ndk-r9d/toolchains/arm-linux-androideabi-4.8/prebuilt/darwin-x86/bin/../lib/gcc/arm-linux-androideabi/4.8/libgcc.a(_aeabi_ldivmod.o)
                              /Applications/Marmalade.app/Contents/s3e/edk/lib/android/libedk.a(IwDebug.o) (__aeabi_ldivmod)
/Users/adriangomez/android-ndk-r9d/toolchains/arm-linux-androideabi-4.8/prebuilt/darwin-x86/bin/../lib/gcc/arm-linux-androideabi/4.8/libgcc.a(_dvmd_lnx.o)
                              /Users/adriangomez/android-ndk-r9d/toolchains/arm-linux-androideabi-4.8/prebuilt/darwin-x86/bin/../lib/gcc/arm-linux-androideabi/4.8/libgcc.a(_aeabi_ldivmod.o) (__aeabi_ldiv0)
/Users/adriangomez/android-ndk-r9d/toolchains/arm-linux-androideabi-4.8/prebuilt/darwin-x86/bin/../lib/gcc/arm-linux-androideabi/4.8/libgcc.a(bpabi.o)
                              /Users/adriangomez/android-ndk-r9d/toolchains/arm-linux-androideabi-4.8/prebuilt/darwin-x86/bin/../lib/gcc/arm-linux-androideabi/4.8/libgcc.a(_aeabi_ldivmod.o) (__gnu_ldivmod_helper)
/Users/adriangomez/android-ndk-r9d/toolchains/arm-linux-androideabi-4.8/prebuilt/darwin-x86/bin/../lib/gcc/arm-linux-androideabi/4.8/libgcc.a(unwind-arm.o)
                              /Users/adriangomez/android-ndk-r9d/toolchains/arm-linux-androideabi-4.8/prebuilt/darwin-x86/bin/../lib/gcc/arm-linux-androideabi/4.8/libgcc.a(bpabi.o) (__aeabi_unwind_cpp_pr0)
/Users/adriangomez/android-ndk-r9d/toolchains/arm-linux-androideabi-4.8/prebuilt/darwin-x86/bin/../lib/gcc/arm-linux-androideabi/4.8/libgcc.a(libunwind.o)
                              /Users/adriangomez/android-ndk-r9d/toolchains/arm-linux-androideabi-4.8/prebuilt/darwin-x86/bin/../lib/gcc/arm-linux-androideabi/4.8/libgcc.a(unwind-arm.o) (restore_core_regs)
/Users/adriangomez/android-ndk-r9d/toolchains/arm-linux-androideabi-4.8/prebuilt/darwin-x86/bin/../lib/gcc/arm-linux-androideabi/4.8/libgcc.a(pr-support.o)
                              /Users/adriangomez/android-ndk-r9d/toolchains/arm-linux-androideabi-4.8/prebuilt/darwin-x86/bin/../lib/gcc/arm-linux-androideabi/4.8/libgcc.a(unwind-arm.o) (__gnu_unwind_execute)
/Users/adriangomez/android-ndk-r9d/toolchains/arm-linux-androideabi-4.8/prebuilt/darwin-x86/bin/../lib/gcc/arm-linux-androideabi/4.8/libgcc.a(_divdi3.o)
                              /Users/adriangomez/android-ndk-r9d/toolchains/arm-linux-androideabi-4.8/prebuilt/darwin-x86/bin/../lib/gcc/arm-linux-androideabi/4.8/libgcc.a(bpabi.o) (__divdi3)
/Users/adriangomez/android-ndk-r9d/toolchains/arm-linux-androideabi-4.8/prebuilt/darwin-x86/bin/../lib/gcc/arm-linux-androideabi/4.8/libgcc.a(_udivdi3.o)
                              /Users/adriangomez/android-ndk-r9d/toolchains/arm-linux-androideabi-4.8/prebuilt/darwin-x86/bin/../lib/gcc/arm-linux-androideabi/4.8/libgcc.a(bpabi.o) (__udivdi3)
/Users/adriangomez/android-ndk-r9d/toolchains/arm-linux-androideabi-4.8/prebuilt/darwin-x86/bin/../lib/gcc/arm-linux-androideabi/4.8/libgcc.a(_udivsi3.o)
                              /Users/adriangomez/android-ndk-r9d/toolchains/arm-linux-androideabi-4.8/prebuilt/darwin-x86/bin/../lib/gcc/arm-linux-androideabi/4.8/libgcc.a(_divdi3.o) (__aeabi_uidiv)

Discarded input sections

 .note.GNU-stack
                0x00000000        0x0 /Users/adriangomez/android-ndk-r9d/platforms/android-14/arch-arm/usr/lib/crtbegin_so.o
 .group         0x00000000        0x8 debug/CGAdMob_platform.os
 .group         0x00000000        0x8 debug/CGAdMob_platform.os
 .group         0x00000000        0x8 debug/CGAdMob_platform.os
 .group         0x00000000        0x8 debug/CGAdMob_platform.os
 .group         0x00000000        0x8 debug/CGAdMob_platform.os
 .group         0x00000000        0x8 debug/CGAdMob_platform.os
 .group         0x00000000        0x8 debug/CGAdMob_platform.os
 .group         0x00000000        0x8 debug/CGAdMob_platform.os
 .group         0x00000000        0x8 debug/CGAdMob_platform.os
 .group         0x00000000        0x8 debug/CGAdMob_platform.os
 .group         0x00000000        0x8 debug/CGAdMob_platform.os
 .group         0x00000000        0x8 debug/CGAdMob_platform.os
 .group         0x00000000        0x8 debug/CGAdMob_platform.os
 .group         0x00000000        0x8 debug/CGAdMob_platform.os
 .note.GNU-stack
                0x00000000        0x0 debug/CGAdMob_platform.os
 .note.GNU-stack
                0x00000000        0x0 debug/CGAdMob.os
 .note.GNU-stack
                0x00000000        0x0 debug/CGAdMob_register.os
 .note.GNU-stack
                0x00000000        0x0 /Applications/Marmalade.app/Contents/s3e/edk/lib/android/libedk.a(IwDebug.o)
 .note.GNU-stack
                0x00000000        0x0 /Applications/Marmalade.app/Contents/s3e/edk/lib/android/libedk.a(edk_helpers.o)
 .note.GNU-stack
                0x00000000        0x0 /Users/adriangomez/android-ndk-r9d/toolchains/arm-linux-androideabi-4.8/prebuilt/darwin-x86/bin/../lib/gcc/arm-linux-androideabi/4.8/libgcc.a(_aeabi_ldivmod.o)
 .note.GNU-stack
                0x00000000        0x0 /Users/adriangomez/android-ndk-r9d/toolchains/arm-linux-androideabi-4.8/prebuilt/darwin-x86/bin/../lib/gcc/arm-linux-androideabi/4.8/libgcc.a(_dvmd_lnx.o)
 .note.GNU-stack
                0x00000000        0x0 /Users/adriangomez/android-ndk-r9d/toolchains/arm-linux-androideabi-4.8/prebuilt/darwin-x86/bin/../lib/gcc/arm-linux-androideabi/4.8/libgcc.a(bpabi.o)
 .note.GNU-stack
                0x00000000        0x0 /Users/adriangomez/android-ndk-r9d/toolchains/arm-linux-androideabi-4.8/prebuilt/darwin-x86/bin/../lib/gcc/arm-linux-androideabi/4.8/libgcc.a(unwind-arm.o)
 .note.GNU-stack
                0x00000000        0x0 /Users/adriangomez/android-ndk-r9d/toolchains/arm-linux-androideabi-4.8/prebuilt/darwin-x86/bin/../lib/gcc/arm-linux-androideabi/4.8/libgcc.a(libunwind.o)
 .note.GNU-stack
                0x00000000        0x0 /Users/adriangomez/android-ndk-r9d/toolchains/arm-linux-androideabi-4.8/prebuilt/darwin-x86/bin/../lib/gcc/arm-linux-androideabi/4.8/libgcc.a(pr-support.o)
 .note.GNU-stack
                0x00000000        0x0 /Users/adriangomez/android-ndk-r9d/toolchains/arm-linux-androideabi-4.8/prebuilt/darwin-x86/bin/../lib/gcc/arm-linux-androideabi/4.8/libgcc.a(_divdi3.o)
 .note.GNU-stack
                0x00000000        0x0 /Users/adriangomez/android-ndk-r9d/toolchains/arm-linux-androideabi-4.8/prebuilt/darwin-x86/bin/../lib/gcc/arm-linux-androideabi/4.8/libgcc.a(_udivdi3.o)
 .note.GNU-stack
                0x00000000        0x0 /Users/adriangomez/android-ndk-r9d/toolchains/arm-linux-androideabi-4.8/prebuilt/darwin-x86/bin/../lib/gcc/arm-linux-androideabi/4.8/libgcc.a(_udivsi3.o)
 .note.GNU-stack
                0x00000000        0x0 /Users/adriangomez/android-ndk-r9d/platforms/android-14/arch-arm/usr/lib/crtend_so.o

Memory map

 ** file header
                0x00000000       0x34
 ** segment headers
                0x00000034      0x100

.interp         0x00000134       0x13
 ** fill        0x00000134       0x13

.dynsym         0x00000148      0x5b0
 ** dynsym      0x00000148      0x5b0

.dynstr         0x000006f8      0x6e9
 ** string table
                0x000006f8      0x6e9

.hash           0x00000de4      0x280
 ** hash        0x00000de4      0x280

.rel.dyn        0x00001064      0x128
 ** dynamic relocs
                0x00001064      0x128

.rel.plt        0x0000118c      0x108
 ** dynamic relocs
                0x0000118c      0x108

.plt            0x00001294      0x1a0
 ** PLT         0x00001294      0x1a0

.text           0x00001434     0x4848
 .text.exit     0x00001434       0x10 /Users/adriangomez/android-ndk-r9d/platforms/android-14/arch-arm/usr/lib/crtbegin_so.o
                0x00001434                __on_dlclose
 .text.startup._GLOBAL__sub_I_IwDebug.cpp
                0x00001444       0x88 /Applications/Marmalade.app/Contents/s3e/edk/lib/android/libedk.a(IwDebug.o)
 .text          0x000014cc       0x14 /Users/adriangomez/android-ndk-r9d/platforms/android-14/arch-arm/usr/lib/crtbegin_so.o
                0x000014cc                atexit
 .text          0x000014e0      0xc4c debug/CGAdMob_platform.os
                0x000015e4                CGAdMobInit_platform()
                0x00001be4                CGAdMobTerminate_platform()
                0x00001c2c                InitAdView_platform()
                0x00001c74                ShowInterstitialAd_platform()
                0x00001cc4                SetGoogleAppKey_platform(char const*, char const*)
                0x00001d40                BannerAdLoad_platform()
                0x00001d88                BannerAdShow_platform()
                0x00001dd0                BannerAdHide_platform()
                0x00001e18                IsLandscape_platform(bool)
                0x00001e64                BannerAdPosition_platform(CGAdMobPosition)
                0x00001eac                BannerAdSize_platform(CGAdMobBannerAdSize)
                0x00001ef4                TestDeviceHashedId_platform(char const*)
                0x00001f54                Release_platform()
 .text._ZN7_JNIEnv9FindClassEPKc
                0x0000212c       0x38 debug/CGAdMob_platform.os
                0x0000212c                _JNIEnv::FindClass(char const*)
 .text._ZN7_JNIEnv17ExceptionOccurredEv
                0x00002164       0x30 debug/CGAdMob_platform.os
                0x00002164                _JNIEnv::ExceptionOccurred()
 .text._ZN7_JNIEnv17ExceptionDescribeEv
                0x00002194       0x28 debug/CGAdMob_platform.os
                0x00002194                _JNIEnv::ExceptionDescribe()
 .text._ZN7_JNIEnv14ExceptionClearEv
                0x000021bc       0x28 debug/CGAdMob_platform.os
                0x000021bc                _JNIEnv::ExceptionClear()
 .text._ZN7_JNIEnv12NewGlobalRefEP8_jobject
                0x000021e4       0x38 debug/CGAdMob_platform.os
                0x000021e4                _JNIEnv::NewGlobalRef(_jobject*)
 .text._ZN7_JNIEnv15DeleteGlobalRefEP8_jobject
                0x0000221c       0x30 debug/CGAdMob_platform.os
                0x0000221c                _JNIEnv::DeleteGlobalRef(_jobject*)
 .text._ZN7_JNIEnv14DeleteLocalRefEP8_jobject
                0x0000224c       0x30 debug/CGAdMob_platform.os
                0x0000224c                _JNIEnv::DeleteLocalRef(_jobject*)
 .text._ZN7_JNIEnv9NewObjectEP7_jclassP10_jmethodIDz
                0x0000227c       0x58 debug/CGAdMob_platform.os
                0x0000227c                _JNIEnv::NewObject(_jclass*, _jmethodID*, ...)
 .text._ZN7_JNIEnv11GetMethodIDEP7_jclassPKcS3_
                0x000022d4       0x48 debug/CGAdMob_platform.os
                0x000022d4                _JNIEnv::GetMethodID(_jclass*, char const*, char const*)
 .text._ZN7_JNIEnv13CallIntMethodEP8_jobjectP10_jmethodIDz
                0x0000231c       0x58 debug/CGAdMob_platform.os
                0x0000231c                _JNIEnv::CallIntMethod(_jobject*, _jmethodID*, ...)
 .text._ZN7_JNIEnv14CallVoidMethodEP8_jobjectP10_jmethodIDz
                0x00002374       0x4c debug/CGAdMob_platform.os
                0x00002374                _JNIEnv::CallVoidMethod(_jobject*, _jmethodID*, ...)
 .text._ZN7_JNIEnv12NewStringUTFEPKc
                0x000023c0       0x38 debug/CGAdMob_platform.os
                0x000023c0                _JNIEnv::NewStringUTF(char const*)
 .text._ZN7_JNIEnv15RegisterNativesEP7_jclassPK15JNINativeMethodi
                0x000023f8       0x48 debug/CGAdMob_platform.os
                0x000023f8                _JNIEnv::RegisterNatives(_jclass*, JNINativeMethod const*, int)
 .text._ZN7_JavaVM6GetEnvEPPvi
                0x00002440       0x40 debug/CGAdMob_platform.os
                0x00002440                _JavaVM::GetEnv(void**, int)
 .text          0x00002480      0x108 debug/CGAdMob.os
                0x00002480                CGAdMobInit()
                0x00002494                CGAdMobTerminate()
                0x000024a0                InitAdView
                0x000024ac                ShowInterstitialAd
                0x000024bc                SetGoogleAppKey
                0x000024e0                BannerAdLoad
                0x000024ec                BannerAdShow
                0x000024f8                BannerAdHide
                0x00002504                IsLandscape
                0x00002528                BannerAdPosition
                0x00002544                BannerAdSize
                0x00002560                TestDeviceHashedId
                0x0000257c                Release
 .text          0x00002588      0x8bc debug/CGAdMob_register.os
                0x00002bd0                CGAdMobRegister
                0x00002c20                CGAdMobUnRegister
                0x00002c64                CGAdMobRegisterExt()
                0x00002e38                RegisterExt
 .text          0x00002e44        0x0 /Applications/Marmalade.app/Contents/s3e/edk/lib/android/libedk.a(IwDebug.o)
 .text.IwDebugClearConfigCache
                0x00002e44       0x80 /Applications/Marmalade.app/Contents/s3e/edk/lib/android/libedk.a(IwDebug.o)
                0x00002e44                IwDebugClearConfigCache
 .text.IwDebugAssertIsChannelOn
                0x00002ec4      0x1ec /Applications/Marmalade.app/Contents/s3e/edk/lib/android/libedk.a(IwDebug.o)
                0x00002ec4                IwDebugAssertIsChannelOn
 .text.IwDebugAssertShow
                0x000030b0      0x2e8 /Applications/Marmalade.app/Contents/s3e/edk/lib/android/libedk.a(IwDebug.o)
                0x000030b0                IwDebugAssertShow
 .text.IwDebugAssertSetSolution
                0x00003398       0xb4 /Applications/Marmalade.app/Contents/s3e/edk/lib/android/libedk.a(IwDebug.o)
                0x00003398                IwDebugAssertSetSolution
 .text.IwDebugAssertSetMessage
                0x0000344c       0xfc /Applications/Marmalade.app/Contents/s3e/edk/lib/android/libedk.a(IwDebug.o)
                0x0000344c                IwDebugAssertSetMessage
 .text.IwAssertRegisterTextCallback
                0x00003548       0x1c /Applications/Marmalade.app/Contents/s3e/edk/lib/android/libedk.a(IwDebug.o)
                0x00003548                IwAssertRegisterTextCallback
 .text.IwAssertRegisterCallback
                0x00003564       0x1c /Applications/Marmalade.app/Contents/s3e/edk/lib/android/libedk.a(IwDebug.o)
                0x00003564                IwAssertRegisterCallback
 .text.IwDebugTraceDisable
                0x00003580       0x10 /Applications/Marmalade.app/Contents/s3e/edk/lib/android/libedk.a(IwDebug.o)
                0x00003580                IwDebugTraceDisable
 .text.IwDebugTraceIsChannelOn
                0x00003590      0x27c /Applications/Marmalade.app/Contents/s3e/edk/lib/android/libedk.a(IwDebug.o)
                0x00003590                IwDebugTraceIsChannelOn
 .text.IwDebugTraceSetTraceChannel
                0x0000380c       0x1c /Applications/Marmalade.app/Contents/s3e/edk/lib/android/libedk.a(IwDebug.o)
                0x0000380c                IwDebugTraceSetTraceChannel
 .text.IwDebugTraceChannelSwitch
                0x00003828      0x1e4 /Applications/Marmalade.app/Contents/s3e/edk/lib/android/libedk.a(IwDebug.o)
                0x00003828                IwDebugTraceChannelSwitch
 .text.IwDebugTraceLineVPrintf
                0x00003a0c       0xfc /Applications/Marmalade.app/Contents/s3e/edk/lib/android/libedk.a(IwDebug.o)
                0x00003a0c                IwDebugTraceLineVPrintf
 .text.IwDebugTraceLinePrintf
                0x00003b08       0x30 /Applications/Marmalade.app/Contents/s3e/edk/lib/android/libedk.a(IwDebug.o)
                0x00003b08                IwDebugTraceLinePrintf
 .text.IwDebugErrorRegisterCallback
                0x00003b38       0x1c /Applications/Marmalade.app/Contents/s3e/edk/lib/android/libedk.a(IwDebug.o)
                0x00003b38                IwDebugErrorRegisterCallback
 .text.IwDebugErrorShow
                0x00003b54      0x108 /Applications/Marmalade.app/Contents/s3e/edk/lib/android/libedk.a(IwDebug.o)
                0x00003b54                IwDebugErrorShow
 .text.IwDebugAssertSetUID
                0x00003c5c       0x14 /Applications/Marmalade.app/Contents/s3e/edk/lib/android/libedk.a(IwDebug.o)
                0x00003c5c                IwDebugAssertSetUID
 .text          0x00003c70        0x0 /Applications/Marmalade.app/Contents/s3e/edk/lib/android/libedk.a(edk_helpers.o)
 .text.s3eEdkErrorSetString
                0x00003c70       0x30 /Applications/Marmalade.app/Contents/s3e/edk/lib/android/libedk.a(edk_helpers.o)
                0x00003c70                s3eEdkErrorSetString
 .text.s3eEdkThreadRunOnOS
                0x00003ca0       0x30 /Applications/Marmalade.app/Contents/s3e/edk/lib/android/libedk.a(edk_helpers.o)
                0x00003ca0                s3eEdkThreadRunOnOS
 .text.s3eEdkThreadRunOnOSAsync
                0x00003cd0       0x30 /Applications/Marmalade.app/Contents/s3e/edk/lib/android/libedk.a(edk_helpers.o)
                0x00003cd0                s3eEdkThreadRunOnOSAsync
 .text          0x00003d00       0x44 /Users/adriangomez/android-ndk-r9d/toolchains/arm-linux-androideabi-4.8/prebuilt/darwin-x86/bin/../lib/gcc/arm-linux-androideabi/4.8/libgcc.a(_aeabi_ldivmod.o)
                0x00003d00                __aeabi_ldivmod
 .text          0x00003d44       0x10 /Users/adriangomez/android-ndk-r9d/toolchains/arm-linux-androideabi-4.8/prebuilt/darwin-x86/bin/../lib/gcc/arm-linux-androideabi/4.8/libgcc.a(_dvmd_lnx.o)
                0x00003d44                __aeabi_idiv0
                0x00003d44                __aeabi_ldiv0
 .text          0x00003d54       0x78 /Users/adriangomez/android-ndk-r9d/toolchains/arm-linux-androideabi-4.8/prebuilt/darwin-x86/bin/../lib/gcc/arm-linux-androideabi/4.8/libgcc.a(bpabi.o)
                0x00003d54                __gnu_ldivmod_helper
                0x00003d90                __gnu_uldivmod_helper
 .text          0x00003dcc      0xf20 /Users/adriangomez/android-ndk-r9d/toolchains/arm-linux-androideabi-4.8/prebuilt/darwin-x86/bin/../lib/gcc/arm-linux-androideabi/4.8/libgcc.a(unwind-arm.o)
                0x0000497c                __aeabi_unwind_cpp_pr0
                0x00004984                __aeabi_unwind_cpp_pr1
                0x0000498c                __aeabi_unwind_cpp_pr2
                0x00004210                _Unwind_GetCFA
                0x00004218                __gnu_Unwind_RaiseException
                0x000042bc                __gnu_Unwind_ForcedUnwind
                0x000042d8                __gnu_Unwind_Resume
                0x0000434c                __gnu_Unwind_Resume_or_Rethrow
                0x0000436c                _Unwind_Complete
                0x00004370                _Unwind_DeleteException
                0x00004390                _Unwind_VRS_Get
                0x00004414                _Unwind_VRS_Set
                0x0000449c                __gnu_Unwind_Backtrace
                0x00004994                _Unwind_VRS_Pop
 .text          0x00004cec      0x1a8 /Users/adriangomez/android-ndk-r9d/toolchains/arm-linux-androideabi-4.8/prebuilt/darwin-x86/bin/../lib/gcc/arm-linux-androideabi/4.8/libgcc.a(libunwind.o)
                0x00004cec                __restore_core_regs
                0x00004cec                restore_core_regs
                0x00004d00                __gnu_Unwind_Restore_VFP
                0x00004d08                __gnu_Unwind_Save_VFP
                0x00004d10                __gnu_Unwind_Restore_VFP_D
                0x00004d18                __gnu_Unwind_Save_VFP_D
                0x00004d20                __gnu_Unwind_Restore_VFP_D_16_to_31
                0x00004d28                __gnu_Unwind_Save_VFP_D_16_to_31
                0x00004d30                __gnu_Unwind_Restore_WMMXD
                0x00004d74                __gnu_Unwind_Save_WMMXD
                0x00004db8                __gnu_Unwind_Restore_WMMXC
                0x00004dcc                __gnu_Unwind_Save_WMMXC
                0x00004de0                ___Unwind_RaiseException
                0x00004de0                _Unwind_RaiseException
                0x00004e04                ___Unwind_Resume
                0x00004e04                _Unwind_Resume
                0x00004e28                ___Unwind_Resume_or_Rethrow
                0x00004e28                _Unwind_Resume_or_Rethrow
                0x00004e4c                ___Unwind_ForcedUnwind
                0x00004e4c                _Unwind_ForcedUnwind
                0x00004e70                ___Unwind_Backtrace
                0x00004e70                _Unwind_Backtrace
 .text          0x00004e94      0x484 /Users/adriangomez/android-ndk-r9d/toolchains/arm-linux-androideabi-4.8/prebuilt/darwin-x86/bin/../lib/gcc/arm-linux-androideabi/4.8/libgcc.a(pr-support.o)
                0x00004f20                __gnu_unwind_execute
                0x0000529c                __gnu_unwind_frame
                0x000052dc                _Unwind_GetRegionStart
                0x000052ec                _Unwind_GetLanguageSpecificData
                0x00005308                _Unwind_GetDataRelBase
                0x00005310                _Unwind_GetTextRelBase
 .text          0x00005318      0x498 /Users/adriangomez/android-ndk-r9d/toolchains/arm-linux-androideabi-4.8/prebuilt/darwin-x86/bin/../lib/gcc/arm-linux-androideabi/4.8/libgcc.a(_divdi3.o)
                0x00005318                __divdi3
 .text          0x000057b0      0x404 /Users/adriangomez/android-ndk-r9d/toolchains/arm-linux-androideabi-4.8/prebuilt/darwin-x86/bin/../lib/gcc/arm-linux-androideabi/4.8/libgcc.a(_udivdi3.o)
                0x000057b0                __udivdi3
 .text          0xffffffffffffffff       0xc8 /Users/adriangomez/android-ndk-r9d/toolchains/arm-linux-androideabi-4.8/prebuilt/darwin-x86/bin/../lib/gcc/arm-linux-androideabi/4.8/libgcc.a(_udivsi3.o)
                0x00005bb4                __udivsi3
                0x00005bb4                __aeabi_uidiv
                0x00005c5c                __aeabi_uidivmod
 .text          0x00005c7c        0x0 /Users/adriangomez/android-ndk-r9d/platforms/android-14/arch-arm/usr/lib/crtend_so.o

.rodata         0x00005c7c      0x536
 .rodata        0x00005c7c      0x1c0 debug/CGAdMob_platform.os
 .rodata        0x00005e3c      0x25c debug/CGAdMob_register.os
 ** merge strings
                0x00006098      0x11a

.ARM.extab      0x000061b4       0x48
 .ARM.extab     0x000061b4        0xc /Users/adriangomez/android-ndk-r9d/toolchains/arm-linux-androideabi-4.8/prebuilt/darwin-x86/bin/../lib/gcc/arm-linux-androideabi/4.8/libgcc.a(_dvmd_lnx.o)
 .ARM.extab     0x000061c0        0x0 /Users/adriangomez/android-ndk-r9d/toolchains/arm-linux-androideabi-4.8/prebuilt/darwin-x86/bin/../lib/gcc/arm-linux-androideabi/4.8/libgcc.a(bpabi.o)
 .ARM.extab     0x000061c0        0xc /Users/adriangomez/android-ndk-r9d/toolchains/arm-linux-androideabi-4.8/prebuilt/darwin-x86/bin/../lib/gcc/arm-linux-androideabi/4.8/libgcc.a(unwind-arm.o)
 .ARM.extab     0x000061cc       0x30 /Users/adriangomez/android-ndk-r9d/toolchains/arm-linux-androideabi-4.8/prebuilt/darwin-x86/bin/../lib/gcc/arm-linux-androideabi/4.8/libgcc.a(pr-support.o)
 .ARM.extab     0x000061fc        0x0 /Users/adriangomez/android-ndk-r9d/toolchains/arm-linux-androideabi-4.8/prebuilt/darwin-x86/bin/../lib/gcc/arm-linux-androideabi/4.8/libgcc.a(_divdi3.o)
 .ARM.extab     0x000061fc        0x0 /Users/adriangomez/android-ndk-r9d/toolchains/arm-linux-androideabi-4.8/prebuilt/darwin-x86/bin/../lib/gcc/arm-linux-androideabi/4.8/libgcc.a(_udivdi3.o)

.ARM.exidx      0x000061fc      0x128
 .ARM.exidx     0x000061fc        0x8 /Users/adriangomez/android-ndk-r9d/toolchains/arm-linux-androideabi-4.8/prebuilt/darwin-x86/bin/../lib/gcc/arm-linux-androideabi/4.8/libgcc.a(_dvmd_lnx.o)
 .ARM.exidx     0xffffffffffffffff       0x10 /Users/adriangomez/android-ndk-r9d/toolchains/arm-linux-androideabi-4.8/prebuilt/darwin-x86/bin/../lib/gcc/arm-linux-androideabi/4.8/libgcc.a(bpabi.o)
 .ARM.exidx     0xffffffffffffffff       0xd8 /Users/adriangomez/android-ndk-r9d/toolchains/arm-linux-androideabi-4.8/prebuilt/darwin-x86/bin/../lib/gcc/arm-linux-androideabi/4.8/libgcc.a(unwind-arm.o)
 ** ARM cantunwind
                0x000062bc        0x8
 .ARM.exidx     0x000062c4       0x48 /Users/adriangomez/android-ndk-r9d/toolchains/arm-linux-androideabi-4.8/prebuilt/darwin-x86/bin/../lib/gcc/arm-linux-androideabi/4.8/libgcc.a(pr-support.o)
 .ARM.exidx     0x0000630c        0x8 /Users/adriangomez/android-ndk-r9d/toolchains/arm-linux-androideabi-4.8/prebuilt/darwin-x86/bin/../lib/gcc/arm-linux-androideabi/4.8/libgcc.a(_divdi3.o)
 .ARM.exidx     0x00006314        0x8 /Users/adriangomez/android-ndk-r9d/toolchains/arm-linux-androideabi-4.8/prebuilt/darwin-x86/bin/../lib/gcc/arm-linux-androideabi/4.8/libgcc.a(_udivdi3.o)
 ** ARM cantunwind
                0x0000631c        0x8

.fini_array     0x00007e10        0x8
 .fini_array    0x00007e10        0x4 /Users/adriangomez/android-ndk-r9d/platforms/android-14/arch-arm/usr/lib/crtbegin_so.o
 .fini_array    0x00007e14        0x4 /Users/adriangomez/android-ndk-r9d/platforms/android-14/arch-arm/usr/lib/crtend_so.o

.init_array     0x00007e18        0x8
 .init_array    0x00007e18        0x4 /Applications/Marmalade.app/Contents/s3e/edk/lib/android/libedk.a(IwDebug.o)
 .init_array    0x00007e1c        0x4 /Users/adriangomez/android-ndk-r9d/platforms/android-14/arch-arm/usr/lib/crtend_so.o

.dynamic        0x00007e20      0x100
 ** dynamic     0x00007e20      0x100

.got            0x00007f20       0xe0
 ** GOT         0x00007f20       0x50
 ** GOT PLT     0x00007f70       0x90

.data           0x00008000       0x40
 .data          0x00008000        0x4 /Users/adriangomez/android-ndk-r9d/platforms/android-14/arch-arm/usr/lib/crtbegin_so.o
                0x00008000                __dso_handle
 .data          0x00008004       0x3c debug/CGAdMob_platform.os
 .data          0x00008040        0x0 debug/CGAdMob.os
 .data          0x00008040        0x0 debug/CGAdMob_register.os
 .data          0x00008040        0x0 /Applications/Marmalade.app/Contents/s3e/edk/lib/android/libedk.a(IwDebug.o)
 .data          0x00008040        0x0 /Applications/Marmalade.app/Contents/s3e/edk/lib/android/libedk.a(edk_helpers.o)
 .data          0x00008040        0x0 /Users/adriangomez/android-ndk-r9d/toolchains/arm-linux-androideabi-4.8/prebuilt/darwin-x86/bin/../lib/gcc/arm-linux-androideabi/4.8/libgcc.a(_aeabi_ldivmod.o)
 .data          0x00008040        0x0 /Users/adriangomez/android-ndk-r9d/toolchains/arm-linux-androideabi-4.8/prebuilt/darwin-x86/bin/../lib/gcc/arm-linux-androideabi/4.8/libgcc.a(_dvmd_lnx.o)
 .data          0x00008040        0x0 /Users/adriangomez/android-ndk-r9d/toolchains/arm-linux-androideabi-4.8/prebuilt/darwin-x86/bin/../lib/gcc/arm-linux-androideabi/4.8/libgcc.a(bpabi.o)
 .data          0x00008040        0x0 /Users/adriangomez/android-ndk-r9d/toolchains/arm-linux-androideabi-4.8/prebuilt/darwin-x86/bin/../lib/gcc/arm-linux-androideabi/4.8/libgcc.a(unwind-arm.o)
 .data          0x00008040        0x0 /Users/adriangomez/android-ndk-r9d/toolchains/arm-linux-androideabi-4.8/prebuilt/darwin-x86/bin/../lib/gcc/arm-linux-androideabi/4.8/libgcc.a(libunwind.o)
 .data          0x00008040        0x0 /Users/adriangomez/android-ndk-r9d/toolchains/arm-linux-androideabi-4.8/prebuilt/darwin-x86/bin/../lib/gcc/arm-linux-androideabi/4.8/libgcc.a(pr-support.o)
 .data          0x00008040        0x0 /Users/adriangomez/android-ndk-r9d/toolchains/arm-linux-androideabi-4.8/prebuilt/darwin-x86/bin/../lib/gcc/arm-linux-androideabi/4.8/libgcc.a(_divdi3.o)
 .data          0x00008040        0x0 /Users/adriangomez/android-ndk-r9d/toolchains/arm-linux-androideabi-4.8/prebuilt/darwin-x86/bin/../lib/gcc/arm-linux-androideabi/4.8/libgcc.a(_udivdi3.o)
 .data          0x00008040        0x0 /Users/adriangomez/android-ndk-r9d/toolchains/arm-linux-androideabi-4.8/prebuilt/darwin-x86/bin/../lib/gcc/arm-linux-androideabi/4.8/libgcc.a(_udivsi3.o)
 .data          0x00008040        0x0 /Users/adriangomez/android-ndk-r9d/platforms/android-14/arch-arm/usr/lib/crtend_so.o

.bss            0x00008040     0x1a58
 .bss           0x00008040        0x0 /Users/adriangomez/android-ndk-r9d/platforms/android-14/arch-arm/usr/lib/crtbegin_so.o
 .bss           0x00008040       0x30 debug/CGAdMob_platform.os
 .bss           0x00008070        0x0 debug/CGAdMob.os
 .bss           0x00008070        0x0 debug/CGAdMob_register.os
 .bss           0x00008070     0x1a28 /Applications/Marmalade.app/Contents/s3e/edk/lib/android/libedk.a(IwDebug.o)
                0x00008070                g_DebugGlobals
 .bss           0x00009a98        0x0 /Applications/Marmalade.app/Contents/s3e/edk/lib/android/libedk.a(edk_helpers.o)
 .bss           0x00009a98        0x0 /Users/adriangomez/android-ndk-r9d/toolchains/arm-linux-androideabi-4.8/prebuilt/darwin-x86/bin/../lib/gcc/arm-linux-androideabi/4.8/libgcc.a(_aeabi_ldivmod.o)
 .bss           0x00009a98        0x0 /Users/adriangomez/android-ndk-r9d/toolchains/arm-linux-androideabi-4.8/prebuilt/darwin-x86/bin/../lib/gcc/arm-linux-androideabi/4.8/libgcc.a(_dvmd_lnx.o)
 .bss           0x00009a98        0x0 /Users/adriangomez/android-ndk-r9d/toolchains/arm-linux-androideabi-4.8/prebuilt/darwin-x86/bin/../lib/gcc/arm-linux-androideabi/4.8/libgcc.a(bpabi.o)
 .bss           0x00009a98        0x0 /Users/adriangomez/android-ndk-r9d/toolchains/arm-linux-androideabi-4.8/prebuilt/darwin-x86/bin/../lib/gcc/arm-linux-androideabi/4.8/libgcc.a(unwind-arm.o)
 .bss           0x00009a98        0x0 /Users/adriangomez/android-ndk-r9d/toolchains/arm-linux-androideabi-4.8/prebuilt/darwin-x86/bin/../lib/gcc/arm-linux-androideabi/4.8/libgcc.a(libunwind.o)
 .bss           0x00009a98        0x0 /Users/adriangomez/android-ndk-r9d/toolchains/arm-linux-androideabi-4.8/prebuilt/darwin-x86/bin/../lib/gcc/arm-linux-androideabi/4.8/libgcc.a(pr-support.o)
 .bss           0x00009a98        0x0 /Users/adriangomez/android-ndk-r9d/toolchains/arm-linux-androideabi-4.8/prebuilt/darwin-x86/bin/../lib/gcc/arm-linux-androideabi/4.8/libgcc.a(_divdi3.o)
 .bss           0x00009a98        0x0 /Users/adriangomez/android-ndk-r9d/toolchains/arm-linux-androideabi-4.8/prebuilt/darwin-x86/bin/../lib/gcc/arm-linux-androideabi/4.8/libgcc.a(_udivdi3.o)
 .bss           0x00009a98        0x0 /Users/adriangomez/android-ndk-r9d/toolchains/arm-linux-androideabi-4.8/prebuilt/darwin-x86/bin/../lib/gcc/arm-linux-androideabi/4.8/libgcc.a(_udivsi3.o)
 .bss           0x00009a98        0x0 /Users/adriangomez/android-ndk-r9d/platforms/android-14/arch-arm/usr/lib/crtend_so.o
